============================= test session starts =============================
platform win32 -- Python 3.13.1, pytest-9.0.2, pluggy-1.6.0 -- C:\Python313\python.exe
cachedir: .pytest_cache
rootdir: D:\astrava
configfile: pytest.ini
plugins: anyio-4.9.0, Faker-38.2.0, langsmith-0.4.42, asyncio-1.3.0, cov-7.0.0
asyncio: mode=Mode.STRICT, debug=False, asyncio_default_fixture_loop_scope=None, asyncio_default_test_loop_scope=function
collecting ... collected 62 items

tests/test_api_endpoints.py::TestAPIEndpoints::test_health_endpoint PASSED [  1%]
tests/test_api_endpoints.py::TestAPIEndpoints::test_process_report_endpoint PASSED [  3%]
tests/test_api_endpoints.py::TestAPIEndpoints::test_process_report_missing_file PASSED [  4%]
tests/test_api_endpoints.py::TestAPIEndpoints::test_chatbot_endpoint PASSED [  6%]
tests/test_api_endpoints.py::TestAPIEndpoints::test_outbreaks_endpoint PASSED [  8%]
tests/test_api_endpoints.py::TestAPIEndpoints::test_outbreaks_with_region_filter PASSED [  9%]
tests/test_api_endpoints.py::TestAPIEndpoints::test_create_doctor_alert PASSED [ 11%]
tests/test_api_endpoints.py::TestAPIEndpoints::test_list_doctor_alerts PASSED [ 12%]
tests/test_api_endpoints.py::TestAPIEndpoints::test_list_doctor_alerts_region_filter PASSED [ 14%]
tests/test_api_endpoints.py::TestAPIEndpoints::test_audio_stream_endpoint PASSED [ 16%]
tests/test_api_endpoints.py::TestAPIEndpoints::test_audio_stream_endpoint_with_slow_mode PASSED [ 17%]
tests/test_api_endpoints.py::TestAPIEndpoints::test_audio_stream_endpoint_synthesis_failure PASSED [ 19%]
tests/test_api_endpoints.py::TestAPIEndpoints::test_audio_sentences_endpoint PASSED [ 20%]
tests/test_api_endpoints.py::TestAPIEndpoints::test_extract_text_endpoint PASSED [ 22%]
tests/test_api_endpoints.py::TestAPIEndpoints::test_languages_endpoint PASSED [ 24%]
tests/test_api_endpoints.py::TestAPIEndpoints::test_translate_endpoint PASSED [ 25%]
tests/test_ocr_module.py::TestOCRModule::test_extract_text_plain PASSED  [ 27%]
tests/test_ocr_module.py::TestOCRModule::test_extract_text_markdown PASSED [ 29%]
tests/test_ocr_module.py::TestOCRModule::test_extract_text_pdf PASSED    [ 30%]
tests/test_ocr_module.py::TestOCRModule::test_extract_text_image PASSED  [ 32%]
tests/test_ocr_module.py::TestOCRModule::test_extract_text_fallback PASSED [ 33%]
tests/test_ocr_module.py::TestOCRModule::test_extract_text_pytesseract_unavailable PASSED [ 35%]
tests/test_risk_engine.py::TestRiskEngine::test_risk_high_hypertensive_crisis PASSED [ 37%]
tests/test_risk_engine.py::TestRiskEngine::test_risk_high_fever PASSED   [ 38%]
tests/test_risk_engine.py::TestRiskEngine::test_risk_moderate_elevated_bp PASSED [ 40%]
tests/test_risk_engine.py::TestRiskEngine::test_risk_low_normal_vitals PASSED [ 41%]
tests/test_risk_engine.py::TestRiskEngine::test_risk_critical_terms PASSED [ 43%]
tests/test_risk_engine.py::TestRiskEngine::test_risk_multiple_symptoms PASSED [ 45%]
tests/test_risk_engine.py::TestRiskEngine::test_risk_recommendation_high PASSED [ 46%]
tests/test_risk_engine.py::TestRiskEngine::test_risk_recommendation_moderate PASSED [ 48%]
tests/test_risk_engine.py::TestRiskEngine::test_risk_recommendation_low PASSED [ 50%]
tests/test_risk_engine.py::TestRiskEngine::test_risk_fever_365_threshold PASSED [ 51%]
tests/test_risk_engine.py::TestRiskEngine::test_risk_empty_symptoms_list PASSED [ 53%]
tests/test_summarizer_module.py::TestSummarizerModule::test_simplify_report_success PASSED [ 54%]
tests/test_summarizer_module.py::TestSummarizerModule::test_simplify_report_model_failure PASSED [ 56%]
tests/test_summarizer_module.py::TestSummarizerModule::test_simplify_report_empty_text PASSED [ 58%]
tests/test_summarizer_module.py::TestSummarizerModule::test_simplify_report_short_text PASSED [ 59%]
tests/test_translation_module.py::TestTranslationModule::test_translate_text_success PASSED [ 61%]
tests/test_translation_module.py::TestTranslationModule::test_translate_text_identity_passthrough PASSED [ 62%]
tests/test_translation_module.py::TestTranslationModule::test_translate_text_unsupported_language PASSED [ 64%]
tests/test_translation_module.py::TestTranslationModule::test_translate_text_model_failure PASSED [ 66%]
tests/test_translation_module.py::TestTranslationModule::test_translate_text_kannada PASSED [ 67%]
tests/test_translation_module.py::TestTranslationModule::test_translate_text_tamil PASSED [ 69%]
tests/test_translation_module.py::TestTranslationModule::test_chunk_text_short PASSED [ 70%]
tests/test_translation_module.py::TestTranslationModule::test_chunk_text_multiple_sentences PASSED [ 72%]
tests/test_translation_module.py::TestTranslationModule::test_chunk_text_preserves_content PASSED [ 74%]
tests/test_translation_module.py::TestTranslationModule::test_translate_text_with_chunking PASSED [ 75%]
tests/test_translation_module.py::TestTranslationModule::test_list_supported_languages PASSED [ 77%]
tests/test_tts_module.py::TestTTSModule::test_synthesize_audio_bytes_success PASSED [ 79%]
tests/test_tts_module.py::TestTTSModule::test_synthesize_audio_bytes_success_hindi PASSED [ 80%]
tests/test_tts_module.py::TestTTSModule::test_synthesize_audio_bytes_failure PASSED [ 82%]
tests/test_tts_module.py::TestTTSModule::test_synthesize_audio_file_success PASSED [ 83%]
tests/test_tts_module.py::TestTTSModule::test_synthesize_audio_file_failure PASSED [ 85%]
tests/test_tts_module.py::TestTTSModule::test_synthesize_multiple_languages PASSED [ 87%]
tests/test_tts_module.py::TestTTSModule::test_expand_medical_abbreviations PASSED [ 88%]
tests/test_tts_module.py::TestTTSModule::test_clean_for_speech PASSED    [ 90%]
tests/test_tts_module.py::TestTTSModule::test_chunk_text_for_tts_short PASSED [ 91%]
tests/test_tts_module.py::TestTTSModule::test_chunk_text_for_tts_long PASSED [ 93%]
tests/test_tts_module.py::TestTTSModule::test_synthesize_with_slow_mode PASSED [ 95%]
tests/test_tts_module.py::TestTTSModule::test_synthesize_with_tld_mapping PASSED [ 96%]
tests/test_tts_module.py::TestTTSModule::test_synthesize_sentences PASSED [ 98%]
tests/test_tts_module.py::TestTTSModule::test_synthesize_empty_text PASSED [100%]

============================== warnings summary ===============================
C:\Users\babyk\AppData\Roaming\Python\Python313\site-packages\PyPDF2\__init__.py:21
  C:\Users\babyk\AppData\Roaming\Python\Python313\site-packages\PyPDF2\__init__.py:21: DeprecationWarning: PyPDF2 is deprecated. Please move to the pypdf library instead.
    warnings.warn(

C:\Users\babyk\AppData\Roaming\Python\Python313\site-packages\reportlab\lib\rl_safe_eval.py:11
  C:\Users\babyk\AppData\Roaming\Python\Python313\site-packages\reportlab\lib\rl_safe_eval.py:11: DeprecationWarning: ast.NameConstant is deprecated and will be removed in Python 3.14; use ast.Constant instead
    haveNameConstant = hasattr(ast,'NameConstant')

<frozen importlib._bootstrap>:488
  <frozen importlib._bootstrap>:488: DeprecationWarning: builtin type SwigPyPacked has no __module__ attribute

<frozen importlib._bootstrap>:488
  <frozen importlib._bootstrap>:488: DeprecationWarning: builtin type SwigPyObject has no __module__ attribute

tests/test_api_endpoints.py::TestAPIEndpoints::test_process_report_endpoint
tests/test_api_endpoints.py::TestAPIEndpoints::test_process_report_endpoint
tests/test_api_endpoints.py::TestAPIEndpoints::test_create_doctor_alert
tests/test_api_endpoints.py::TestAPIEndpoints::test_list_doctor_alerts
  C:\Users\babyk\AppData\Roaming\Python\Python313\site-packages\sqlalchemy\sql\schema.py:3596: DeprecationWarning: datetime.datetime.utcnow() is deprecated and scheduled for removal in a future version. Use timezone-aware objects to represent datetimes in UTC: datetime.datetime.now(datetime.UTC).
    return util.wrap_callable(lambda ctx: fn(), fn)  # type: ignore

tests/test_api_endpoints.py::TestAPIEndpoints::test_process_report_endpoint
tests/test_api_endpoints.py::TestAPIEndpoints::test_outbreaks_endpoint
tests/test_api_endpoints.py::TestAPIEndpoints::test_outbreaks_with_region_filter
  D:\astrava\backend\app\modules\outbreak_detection_module.py:21: DeprecationWarning: datetime.datetime.utcnow() is deprecated and scheduled for removal in a future version. Use timezone-aware objects to represent datetimes in UTC: datetime.datetime.now(datetime.UTC).
    cutoff = datetime.utcnow() - timedelta(hours=lookback_hours)

-- Docs: https://docs.pytest.org/en/stable/how-to/capture-warnings.html
======================= 62 passed, 11 warnings in 1.55s =======================
python : <sys>:0: DeprecationWarning: builtin type swigvarlink has no __module__ attribute
At line:2 char:1
+ python -m pytest tests/ -v --tb=short > pytest_output.txt 2>&1
+ ~~~~~~~~~~~~~~~~~~~~~~~~~~~~~~~~~~~~~~~~~~~~~~~~~~~~~~~~~~~~~~
    + CategoryInfo          : NotSpecified: (<sys>:0: Deprec...ule__ attribute:String) [], RemoteException
    + FullyQualifiedErrorId : NativeCommandError
 
